PS C:\nbs\afish> it add .
It : Cannot process argument transformation on parameter 'test'. Cannot convert the "." value of 
type "System.String" to type "System.Management.Automation.ScriptBlock".
At line:1 char:8
+ it add .
+        ~
    + CategoryInfo          : InvalidData: (:) [It], ParameterBindingArgumentTransformationExcept  
   ion
    + FullyQualifiedErrorId : ParameterArgumentTransformationError,It
PS C:\nbs\afish> git commit -m "Initial commit"
On branch main
Initial commit
Untracked files:
  (use "git add <file>..." to include in what will be committed)
        readme.md
nothing added to commit but untracked files present (use "git add" to track)
PS C:\nbs\afish> git branch -M main
PS C:\nbs\afish> git push -u origin main
error: src refspec main does not match any
error: failed to push some refs to 'https://github.com/1EyeBiney/accessible-fishing.git'
PS C:\nbs\afish> 